../Core/Src/can.c:40:6:MX_CAN_Init	8	static
../Core/Src/can.c:92:6:HAL_CAN_MspInit	48	static
../Core/Src/can.c:162:6:HAL_CAN_MspDeInit	16	static
../Core/Src/can.c:205:19:CAN_Init	24	static
../Core/Src/can.c:214:19:CAN_Config_Filtering	56	static
../Core/Src/can.c:241:9:CAN_Send_Test	16	static
../Core/Src/can.c:263:9:CAN_Send_Bytes	32	static
../Core/Src/can.c:290:19:CAN_Receive_Bytes	56	static
../Core/Src/can.c:312:6:HAL_CAN_RxFifo0MsgPendingCallback	96	static
../Core/Src/can.c:323:6:HAL_CAN_RxFifo1MsgPendingCallback	96	static
../Core/Src/can.c:334:6:HAL_CAN_TxMailbox0CompleteCallback	16	static
../Core/Src/can.c:339:6:HAL_CAN_TxMailbox1CompleteCallback	16	static
../Core/Src/can.c:344:6:HAL_CAN_TxMailbox2CompleteCallback	16	static
